2014-07-08T15:04:07.790+0800: 4013.458: [GC 4013.458: [ParNew: 876834K->81015K(921600K), 0.1045940 secs] 2753084K->1957266K(3993600K) icms_dc=1 , 0.1048710 secs] [Times: user=0.30 sys=0.01, real=0.10 secs] 
2014-07-08T15:04:10.830+0800: 4016.498: [GC 4016.499: [ParNew: 900215K->63220K(921600K), 0.1044900 secs] 2773417K->1946028K(3993600K) icms_dc=1 , 0.1047880 secs] [Times: user=0.33 sys=0.00, real=0.10 secs] 
2014-07-08T15:04:17.861+0800: 4023.529: [GC 4023.530: [ParNew: 882420K->83829K(921600K), 0.0830110 secs] 2763272K->1964681K(3993600K) icms_dc=1 , 0.0833300 secs] [Times: user=0.28 sys=0.01, real=0.08 secs] 
2014-07-08T15:04:22.922+0800: 4028.591: [GC 4028.591: [ParNew: 903029K->81208K(921600K), 0.1021640 secs] 2783159K->1968321K(3993600K) icms_dc=1 , 0.1024320 secs] [Times: user=0.32 sys=0.00, real=0.10 secs] 
2014-07-08T15:04:24.464+0800: 4030.133: [CMS-concurrent-sweep: 2.601/226.769 secs] [Times: user=206.15 sys=5.37, real=226.74 secs] 
2014-07-08T15:04:24.465+0800: 4030.133: [CMS-concurrent-reset-start]
2014-07-08T15:04:24.493+0800: 4030.161: [CMS-concurrent-reset: 0.028/0.028 secs] [Times: user=0.03 sys=0.00, real=0.03 secs] 
2014-07-08T15:04:28.056+0800: 4033.725: [GC 4033.725: [ParNew: 900408K->75923K(921600K), 0.0847610 secs] 2704214K->1891134K(3993600K) icms_dc=0 , 0.0850430 secs] [Times: user=0.30 sys=0.00, real=0.09 secs] 
2014-07-08T15:04:33.742+0800: 4039.410: [GC 4039.410: [ParNew: 895123K->72495K(921600K), 0.0924540 secs] 2710334K->1887706K(3993600K) icms_dc=0 , 0.0927260 secs] [Times: user=0.31 sys=0.00, real=0.09 secs] 
2014-07-08T15:04:40.425+0800: 4046.093: [GC 4046.093: [ParNew: 891695K->89199K(921600K), 0.0829160 secs] 2706906K->1905326K(3993600K) icms_dc=0 , 0.0831940 secs] [Times: user=0.29 sys=0.01, real=0.08 secs] 
2014-07-08T15:04:46.451+0800: 4052.119: [GC 4052.120: [ParNew: 908399K->90755K(921600K), 0.1328440 secs] 2724526K->1915953K(3993600K) icms_dc=0 , 0.1332400 secs] [Times: user=0.42 sys=0.00, real=0.14 secs] 
2014-07-08T15:04:51.436+0800: 4057.104: [GC 4057.105: [ParNew: 909955K->83494K(921600K), 0.1078640 secs] 2735153K->1920672K(3993600K) icms_dc=0 , 0.1081870 secs] [Times: user=0.34 sys=0.00, real=0.11 secs] 
2014-07-08T15:04:55.941+0800: 4061.610: [GC 4061.610: [ParNew: 902694K->71538K(921600K), 0.1125250 secs] 2739872K->1919438K(3993600K) icms_dc=0 , 0.1128290 secs] [Times: user=0.33 sys=0.00, real=0.11 secs] 
2014-07-08T15:05:02.574+0800: 4068.242: [GC 4068.242: [ParNew: 890738K->77699K(921600K), 0.0888640 secs] 2738638K->1932986K(3993600K) icms_dc=0 , 0.0891650 secs] [Times: user=0.30 sys=0.00, real=0.09 secs] 
2014-07-08T15:05:13.003+0800: 4078.672: [GC 4078.672: [ParNew: 896899K->73470K(921600K), 0.0714180 secs] 2752186K->1928757K(3993600K) icms_dc=0 , 0.0716920 secs] [Times: user=0.26 sys=0.00, real=0.07 secs] 
2014-07-08T15:05:19.239+0800: 4084.907: [GC 4084.907: [ParNew: 892670K->78378K(921600K), 0.0828570 secs] 2747957K->1936501K(3993600K) icms_dc=0 , 0.0831330 secs] [Times: user=0.31 sys=0.00, real=0.08 secs] 
2014-07-08T15:05:28.614+0800: 4094.282: [GC 4094.282: [ParNew: 897578K->80672K(921600K), 0.1170490 secs] 2755701K->1951727K(3993600K) icms_dc=0 , 0.1173590 secs] [Times: user=0.35 sys=0.00, real=0.12 secs] 
2014-07-08T15:05:32.422+0800: 4098.090: [GC 4098.090: [ParNew: 899872K->65055K(921600K), 0.0973920 secs] 2770927K->1949378K(3993600K) icms_dc=0 , 0.0977340 secs] [Times: user=0.34 sys=0.00, real=0.09 secs] 
2014-07-08T15:05:37.929+0800: 4103.597: [GC 4103.597: [ParNew: 884255K->87564K(921600K), 0.1012810 secs] 2768578K->1971887K(3993600K) icms_dc=0 , 0.1015740 secs] [Times: user=0.31 sys=0.00, real=0.10 secs] 
2014-07-08T15:05:44.093+0800: 4109.761: [GC 4109.761: [ParNew: 906764K->59438K(921600K), 0.0952090 secs] 2791087K->1957528K(3993600K) icms_dc=0 , 0.0954820 secs] [Times: user=0.29 sys=0.00, real=0.09 secs] 
2014-07-08T15:05:49.734+0800: 4115.402: [GC 4115.402: [ParNew: 878638K->65264K(921600K), 0.0905540 secs] 2776728K->1963354K(3993600K) icms_dc=0 , 0.0908350 secs] [Times: user=0.25 sys=0.00, real=0.09 secs] 
2014-07-08T15:05:56.307+0800: 4121.975: [GC 4121.975: [ParNew: 884464K->83683K(921600K), 0.0795250 secs] 2782554K->1981773K(3993600K) icms_dc=0 , 0.0798510 secs] [Times: user=0.27 sys=0.00, real=0.08 secs] 
2014-07-08T15:06:00.655+0800: 4126.323: [GC 4126.323: [ParNew: 902883K->63172K(921600K), 0.0972740 secs] 2800973K->1969841K(3993600K) icms_dc=0 , 0.0975890 secs] [Times: user=0.32 sys=0.01, real=0.10 secs] 
2014-07-08T15:06:03.257+0800: 4128.925: [GC 4128.925: [ParNew: 882372K->81883K(921600K), 0.1067790 secs] 2789041K->1991966K(3993600K) icms_dc=0 , 0.1070760 secs] [Times: user=0.38 sys=0.00, real=0.10 secs] 
2014-07-08T15:06:10.289+0800: 4135.957: [GC 4135.958: [ParNew: 901083K->69075K(921600K), 0.0848790 secs] 2811166K->1986725K(3993600K) icms_dc=0 , 0.0852010 secs] [Times: user=0.31 sys=0.00, real=0.08 secs] 
2014-07-08T15:06:16.428+0800: 4142.096: [GC 4142.097: [ParNew: 888275K->91940K(921600K), 0.1033110 secs] 2805925K->2009590K(3993600K) icms_dc=0 , 0.1036120 secs] [Times: user=0.36 sys=0.00, real=0.10 secs] 
2014-07-08T15:06:19.961+0800: 4145.629: [GC 4145.630: [ParNew: 911140K->72835K(921600K), 0.1011060 secs] 2828790K->2001731K(3993600K) icms_dc=0 , 0.1014390 secs] [Times: user=0.36 sys=0.00, real=0.10 secs] 
2014-07-08T15:06:24.831+0800: 4150.499: [GC 4150.499: [ParNew: 892035K->86906K(921600K), 0.0950220 secs] 2820931K->2015803K(3993600K) icms_dc=0 , 0.0952950 secs] [Times: user=0.36 sys=0.00, real=0.09 secs] 
2014-07-08T15:06:32.352+0800: 4158.020: [GC 4158.020: [ParNew: 906106K->75966K(921600K), 0.1131760 secs] 2835003K->2021600K(3993600K) icms_dc=0 , 0.1135360 secs] [Times: user=0.39 sys=0.00, real=0.11 secs] 
2014-07-08T15:06:39.049+0800: 4164.717: [GC 4164.717: [ParNew: 895166K->73320K(921600K), 0.0993150 secs] 2840800K->2028019K(3993600K) icms_dc=0 , 0.0996230 secs] [Times: user=0.34 sys=0.00, real=0.10 secs] 
2014-07-08T15:06:49.338+0800: 4175.006: [GC 4175.006: [ParNew: 892520K->85485K(921600K), 0.1027130 secs] 2847219K->2040184K(3993600K) icms_dc=0 , 0.1029950 secs] [Times: user=0.36 sys=0.00, real=0.10 secs] 
2014-07-08T15:06:53.212+0800: 4178.880: [GC 4178.880: [ParNew: 904685K->82136K(921600K), 0.0925110 secs] 2859384K->2046560K(3993600K) icms_dc=0 , 0.0928890 secs] [Times: user=0.35 sys=0.00, real=0.10 secs] 
2014-07-08T15:06:56.703+0800: 4182.371: [GC 4182.371: [ParNew: 901336K->77505K(921600K), 0.0847300 secs] 2865760K->2041929K(3993600K) icms_dc=0 , 0.0850720 secs] [Times: user=0.30 sys=0.00, real=0.09 secs] 
2014-07-08T15:07:01.747+0800: 4187.415: [GC 4187.415: [ParNew: 896705K->76791K(921600K), 0.1176790 secs] 2861129K->2050553K(3993600K) icms_dc=0 , 0.1179720 secs] [Times: user=0.39 sys=0.00, real=0.12 secs] 
2014-07-08T15:07:09.936+0800: 4195.604: [GC 4195.605: [ParNew: 895991K->76683K(921600K), 0.0872570 secs] 2869753K->2056770K(3993600K) icms_dc=0 , 0.0875470 secs] [Times: user=0.33 sys=0.00, real=0.08 secs] 
2014-07-08T15:07:14.476+0800: 4200.144: [GC 4200.145: [ParNew: 895883K->78226K(921600K), 0.0939050 secs] 2875970K->2067670K(3993600K) icms_dc=0 , 0.0941760 secs] [Times: user=0.34 sys=0.00, real=0.10 secs] 
2014-07-08T15:07:19.970+0800: 4205.639: [GC 4205.639: [ParNew: 897426K->65295K(921600K), 0.0836680 secs] 2886870K->2054739K(3993600K) icms_dc=0 , 0.0839740 secs] [Times: user=0.28 sys=0.00, real=0.08 secs] 
2014-07-08T15:07:26.110+0800: 4211.779: [GC 4211.779: [ParNew: 884495K->88691K(921600K), 0.1120970 secs] 2873939K->2083318K(3993600K) icms_dc=0 , 0.1123840 secs] [Times: user=0.35 sys=0.00, real=0.11 secs] 
2014-07-08T15:07:29.369+0800: 4215.037: [GC 4215.037: [ParNew: 907891K->77769K(921600K), 0.1268830 secs] 2902518K->2083441K(3993600K) icms_dc=0 , 0.1272300 secs] [Times: user=0.46 sys=0.01, real=0.12 secs] 
2014-07-08T15:07:31.775+0800: 4217.443: [GC 4217.443: [ParNew: 896969K->94105K(921600K), 0.1082940 secs] 2902641K->2103617K(3993600K) icms_dc=0 , 0.1085910 secs] [Times: user=0.37 sys=0.00, real=0.11 secs] 
2014-07-08T15:07:34.667+0800: 4220.336: [GC 4220.336: [ParNew: 913305K->68774K(921600K), 0.0975790 secs] 2922817K->2097206K(3993600K) icms_dc=0 , 0.0978770 secs] [Times: user=0.36 sys=0.00, real=0.10 secs] 
2014-07-08T15:07:38.328+0800: 4223.996: [GC 4223.996: [ParNew: 887974K->73622K(921600K), 0.0741490 secs] 2916406K->2102054K(3993600K) icms_dc=0 , 0.0744240 secs] [Times: user=0.28 sys=0.00, real=0.08 secs] 
2014-07-08T15:07:41.615+0800: 4227.284: [GC 4227.284: [ParNew: 892822K->82280K(921600K), 0.1031910 secs] 2921254K->2117903K(3993600K) icms_dc=0 , 0.1035250 secs] [Times: user=0.37 sys=0.01, real=0.10 secs] 
2014-07-08T15:07:45.894+0800: 4231.562: [GC 4231.562: [ParNew: 901480K->80704K(921600K), 0.1238440 secs] 2937103K->2122132K(3993600K) icms_dc=0 , 0.1242200 secs] [Times: user=0.43 sys=0.00, real=0.12 secs] 
2014-07-08T15:07:48.124+0800: 4233.792: [GC 4233.792: [ParNew: 899904K->81647K(921600K), 0.1121080 secs] 2941332K->2130485K(3993600K) icms_dc=0 , 0.1123760 secs] [Times: user=0.40 sys=0.00, real=0.11 secs] 
2014-07-08T15:07:51.992+0800: 4237.661: [GC 4237.661: [ParNew: 900847K->69118K(921600K), 0.0954010 secs] 2949685K->2126930K(3993600K) icms_dc=0 , 0.0956730 secs] [Times: user=0.35 sys=0.00, real=0.09 secs] 
2014-07-08T15:07:57.736+0800: 4243.405: [GC 4243.405: [ParNew: 888318K->89372K(921600K), 0.0971570 secs] 2946130K->2147184K(3993600K) icms_dc=0 , 0.0974540 secs] [Times: user=0.34 sys=0.00, real=0.10 secs] 
2014-07-08T15:08:02.804+0800: 4248.472: [GC 4248.472: [ParNew: 908572K->86104K(921600K), 0.1061130 secs] 2966384K->2156970K(3993600K) icms_dc=0 , 0.1064170 secs] [Times: user=0.38 sys=0.00, real=0.10 secs] 
2014-07-08T15:08:06.377+0800: 4252.045: [GC 4252.045: [ParNew: 905304K->74021K(921600K), 0.0927180 secs] 2976170K->2144888K(3993600K) icms_dc=0 , 0.0930400 secs] [Times: user=0.35 sys=0.00, real=0.09 secs] 
2014-07-08T15:08:10.233+0800: 4255.901: [GC 4255.901: [ParNew: 893221K->79108K(921600K), 0.1051930 secs] 2964088K->2161881K(3993600K) icms_dc=0 , 0.1054730 secs] [Times: user=0.38 sys=0.00, real=0.11 secs] 
2014-07-08T15:08:14.216+0800: 4259.884: [GC 4259.884: [ParNew: 898308K->70380K(921600K), 0.1037440 secs] 2981081K->2157219K(3993600K) icms_dc=0 , 0.1040390 secs] [Times: user=0.34 sys=0.00, real=0.10 secs] 
2014-07-08T15:08:18.522+0800: 4264.190: [GC 4264.190: [ParNew: 889580K->69804K(921600K), 0.1137310 secs] 2976419K->2163727K(3993600K) icms_dc=0 , 0.1140250 secs] [Times: user=0.38 sys=0.02, real=0.11 secs] 
2014-07-08T15:08:23.416+0800: 4269.084: [GC 4269.084: [ParNew: 889004K->60340K(921600K), 0.1326900 secs] 2982927K->2166225K(3993600K) icms_dc=0 , 0.1329760 secs] [Times: user=0.36 sys=0.02, real=0.14 secs] 
2014-07-08T15:08:25.348+0800: 4271.016: [GC 4271.016: [ParNew: 879540K->66384K(921600K), 0.0767450 secs] 2985425K->2177109K(3993600K) icms_dc=0 , 0.0770400 secs] [Times: user=0.29 sys=0.01, real=0.07 secs] 
2014-07-08T15:08:27.213+0800: 4272.881: [GC 4272.881: [ParNew: 885584K->78248K(921600K), 0.0943560 secs] 2996309K->2188974K(3993600K) icms_dc=0 , 0.0947000 secs] [Times: user=0.27 sys=0.00, real=0.10 secs] 
2014-07-08T15:08:29.534+0800: 4275.202: [GC 4275.202: [ParNew: 897448K->91315K(921600K), 0.1082700 secs] 3008174K->2204790K(3993600K) icms_dc=0 , 0.1085410 secs] [Times: user=0.39 sys=0.00, real=0.11 secs] 
2014-07-08T15:08:34.393+0800: 4280.061: [GC 4280.061: [ParNew: 910515K->61541K(921600K), 0.1089640 secs] 3023990K->2189066K(3993600K) icms_dc=0 , 0.1104580 secs] [Times: user=0.39 sys=0.01, real=0.11 secs] 
2014-07-08T15:08:37.069+0800: 4282.738: [GC 4282.738: [ParNew: 880741K->66383K(921600K), 0.0963140 secs] 3008266K->2199286K(3993600K) icms_dc=0 , 0.0966300 secs] [Times: user=0.36 sys=0.00, real=0.09 secs] 
2014-07-08T15:08:40.389+0800: 4286.057: [GC 4286.058: [ParNew: 885583K->77032K(921600K), 0.0906680 secs] 3018486K->2209935K(3993600K) icms_dc=0 , 0.0909960 secs] [Times: user=0.30 sys=0.00, real=0.10 secs] 
2014-07-08T15:08:44.266+0800: 4289.935: [GC 4289.935: [ParNew: 896232K->51313K(921600K), 0.0887290 secs] 3029135K->2190632K(3993600K) icms_dc=0 , 0.0890420 secs] [Times: user=0.31 sys=0.01, real=0.09 secs] 
2014-07-08T15:08:48.652+0800: 4294.320: [GC 4294.320: [ParNew: 870513K->85207K(921600K), 0.0845310 secs] 3009832K->2224526K(3993600K) icms_dc=0 , 0.0848430 secs] [Times: user=0.29 sys=0.00, real=0.08 secs] 
2014-07-08T15:08:54.407+0800: 4300.076: [GC 4300.076: [ParNew: 904407K->62345K(921600K), 0.1177660 secs] 3043726K->2211153K(3993600K) icms_dc=0 , 0.1180470 secs] [Times: user=0.43 sys=0.00, real=0.12 secs] 
2014-07-08T15:08:56.566+0800: 4302.234: [GC 4302.234: [ParNew: 881545K->73592K(921600K), 0.0840770 secs] 3030353K->2222401K(3993600K) icms_dc=0 , 0.0843610 secs] [Times: user=0.32 sys=0.00, real=0.08 secs] 
2014-07-08T15:09:02.203+0800: 4307.871: [GC 4307.871: [ParNew: 892792K->84049K(921600K), 1.9352430 secs] 3041601K->2239832K(3993600K) icms_dc=0 , 1.9355890 secs] [Times: user=4.38 sys=0.36, real=1.93 secs] 
2014-07-08T15:09:06.483+0800: 4312.152: [GC 4312.152: [ParNew: 903249K->68774K(921600K), 5.3067060 secs] 3059032K->2237268K(3993600K) icms_dc=0 , 5.3073410 secs] [Times: user=16.46 sys=1.64, real=5.30 secs] 
2014-07-08T15:09:15.442+0800: 4321.110: [GC 4321.110: [ParNew: 887974K->89612K(921600K), 0.2070450 secs] 3056468K->2258106K(3993600K) icms_dc=0 , 0.2074260 secs] [Times: user=0.61 sys=0.03, real=0.21 secs] 
2014-07-08T15:09:17.768+0800: 4323.436: [GC 4323.436: [ParNew: 908812K->70806K(921600K), 3.9552830 secs] 3077306K->2250458K(3993600K) icms_dc=0 , 3.9555610 secs] [Times: user=11.49 sys=1.29, real=3.95 secs] 
2014-07-08T15:09:25.500+0800: 4331.168: [GC 4331.169: [ParNew: 890006K->89751K(921600K), 0.1016490 secs] 3069658K->2269404K(3993600K) icms_dc=0 , 0.1019780 secs] [Times: user=0.39 sys=0.00, real=0.10 secs] 
2014-07-08T15:09:27.877+0800: 4333.546: [GC 4333.546: [ParNew: 908951K->59566K(921600K), 58.2391160 secs] 3088604K->2261552K(3993600K) icms_dc=0 , 58.2394500 secs] [Times: user=46.17 sys=5.75, real=58.23 secs] 
2014-07-08T15:10:36.513+0800: 4402.182: [GC 4402.182: [ParNew: 878766K->102400K(921600K), 53.1124550 secs] 3080752K->2327703K(3993600K) icms_dc=0 , 53.1127970 secs] [Times: user=43.74 sys=8.31, real=53.11 secs] 
2014-07-08T15:11:33.849+0800: 4459.518: [GC 4459.518: [ParNew: 921600K->98334K(921600K), 96.8626260 secs] 3146903K->2402455K(3993600K) icms_dc=0 , 96.8630020 secs] [Times: user=83.89 sys=16.84, real=96.85 secs] 
Heap
 par new generation   total 921600K, used 897887K [0x0000000689000000, 0x00000006c7800000, 0x00000006c7800000)
  eden space 819200K,  97% used [0x0000000689000000, 0x00000006b9cd0288, 0x00000006bb000000)
  from space 102400K,  96% used [0x00000006c1400000, 0x00000006c7407998, 0x00000006c7800000)
  to   space 102400K,   0% used [0x00000006bb000000, 0x00000006bb000000, 0x00000006c1400000)
 concurrent mark-sweep generation total 3072000K, used 2304121K [0x00000006c7800000, 0x0000000783000000, 0x0000000783000000)
 concurrent-mark-sweep perm gen total 2048000K, used 359030K [0x0000000783000000, 0x0000000800000000, 0x0000000800000000)
